// Jest Snapshot v1, https://goo.gl/fbAQLP

exports[`nmap worker should run multiple scans when multiple targets are configured 1`] = `
Object {
  "PROCESS_FINDINGS": ManualSerialization {
    "type": "Object",
    "value": "\\"[{\\\\\\"id\\\\\\":\\\\\\"49bf7fd3-8512-4d73-a28f-608e493cd726\\\\\\",\\\\\\"name\\\\\\":\\\\\\"ipp\\\\\\",\\\\\\"description\\\\\\":\\\\\\"Port 631 is open using tcp protocol.\\\\\\",\\\\\\"osi_layer\\\\\\":\\\\\\"NETWORK\\\\\\",\\\\\\"reference\\\\\\":null,\\\\\\"severity\\\\\\":\\\\\\"INFORMATIONAL\\\\\\",\\\\\\"attributes\\\\\\":{\\\\\\"port\\\\\\":631,\\\\\\"ip_address\\\\\\":\\\\\\"127.0.0.1\\\\\\",\\\\\\"mac_address\\\\\\":null,\\\\\\"protocol\\\\\\":\\\\\\"tcp\\\\\\",\\\\\\"hostname\\\\\\":\\\\\\"localhost\\\\\\",\\\\\\"method\\\\\\":\\\\\\"table\\\\\\",\\\\\\"operating_system\\\\\\":null,\\\\\\"service\\\\\\":\\\\\\"ipp\\\\\\"},\\\\\\"hint\\\\\\":null,\\\\\\"category\\\\\\":\\\\\\"Open Port\\\\\\",\\\\\\"location\\\\\\":\\\\\\"tcp://127.0.0.1:631\\\\\\"},{\\\\\\"id\\\\\\":\\\\\\"49bf7fd3-8512-4d73-a28f-608e493cd726\\\\\\",\\\\\\"name\\\\\\":\\\\\\"interwise\\\\\\",\\\\\\"description\\\\\\":\\\\\\"Port 7778 is open using tcp protocol.\\\\\\",\\\\\\"osi_layer\\\\\\":\\\\\\"NETWORK\\\\\\",\\\\\\"reference\\\\\\":null,\\\\\\"severity\\\\\\":\\\\\\"INFORMATIONAL\\\\\\",\\\\\\"attributes\\\\\\":{\\\\\\"port\\\\\\":7778,\\\\\\"ip_address\\\\\\":\\\\\\"127.0.0.1\\\\\\",\\\\\\"mac_address\\\\\\":null,\\\\\\"protocol\\\\\\":\\\\\\"tcp\\\\\\",\\\\\\"hostname\\\\\\":\\\\\\"localhost\\\\\\",\\\\\\"method\\\\\\":\\\\\\"table\\\\\\",\\\\\\"operating_system\\\\\\":null,\\\\\\"service\\\\\\":\\\\\\"interwise\\\\\\"},\\\\\\"hint\\\\\\":null,\\\\\\"category\\\\\\":\\\\\\"Open Port\\\\\\",\\\\\\"location\\\\\\":\\\\\\"tcp://127.0.0.1:7778\\\\\\"},{\\\\\\"id\\\\\\":\\\\\\"49bf7fd3-8512-4d73-a28f-608e493cd726\\\\\\",\\\\\\"name\\\\\\":\\\\\\"http-proxy\\\\\\",\\\\\\"description\\\\\\":\\\\\\"Port 8080 is open using tcp protocol.\\\\\\",\\\\\\"osi_layer\\\\\\":\\\\\\"NETWORK\\\\\\",\\\\\\"reference\\\\\\":null,\\\\\\"severity\\\\\\":\\\\\\"INFORMATIONAL\\\\\\",\\\\\\"attributes\\\\\\":{\\\\\\"port\\\\\\":8080,\\\\\\"ip_address\\\\\\":\\\\\\"127.0.0.1\\\\\\",\\\\\\"mac_address\\\\\\":null,\\\\\\"protocol\\\\\\":\\\\\\"tcp\\\\\\",\\\\\\"hostname\\\\\\":\\\\\\"localhost\\\\\\",\\\\\\"method\\\\\\":\\\\\\"table\\\\\\",\\\\\\"operating_system\\\\\\":null,\\\\\\"service\\\\\\":\\\\\\"http-proxy\\\\\\"},\\\\\\"hint\\\\\\":null,\\\\\\"category\\\\\\":\\\\\\"Open Port\\\\\\",\\\\\\"location\\\\\\":\\\\\\"tcp://127.0.0.1:8080\\\\\\"},{\\\\\\"id\\\\\\":\\\\\\"49bf7fd3-8512-4d73-a28f-608e493cd726\\\\\\",\\\\\\"name\\\\\\":\\\\\\"wap-wsp\\\\\\",\\\\\\"description\\\\\\":\\\\\\"Port 9200 is open using tcp protocol.\\\\\\",\\\\\\"osi_layer\\\\\\":\\\\\\"NETWORK\\\\\\",\\\\\\"reference\\\\\\":null,\\\\\\"severity\\\\\\":\\\\\\"INFORMATIONAL\\\\\\",\\\\\\"attributes\\\\\\":{\\\\\\"port\\\\\\":9200,\\\\\\"ip_address\\\\\\":\\\\\\"127.0.0.1\\\\\\",\\\\\\"mac_address\\\\\\":null,\\\\\\"protocol\\\\\\":\\\\\\"tcp\\\\\\",\\\\\\"hostname\\\\\\":\\\\\\"localhost\\\\\\",\\\\\\"method\\\\\\":\\\\\\"table\\\\\\",\\\\\\"operating_system\\\\\\":null,\\\\\\"service\\\\\\":\\\\\\"wap-wsp\\\\\\"},\\\\\\"hint\\\\\\":null,\\\\\\"category\\\\\\":\\\\\\"Open Port\\\\\\",\\\\\\"location\\\\\\":\\\\\\"tcp://127.0.0.1:9200\\\\\\"},{\\\\\\"id\\\\\\":\\\\\\"49bf7fd3-8512-4d73-a28f-608e493cd726\\\\\\",\\\\\\"name\\\\\\":\\\\\\"ipp\\\\\\",\\\\\\"description\\\\\\":\\\\\\"Port 631 is open using tcp protocol.\\\\\\",\\\\\\"osi_layer\\\\\\":\\\\\\"NETWORK\\\\\\",\\\\\\"reference\\\\\\":null,\\\\\\"severity\\\\\\":\\\\\\"INFORMATIONAL\\\\\\",\\\\\\"attributes\\\\\\":{\\\\\\"port\\\\\\":631,\\\\\\"ip_address\\\\\\":\\\\\\"127.0.0.1\\\\\\",\\\\\\"mac_address\\\\\\":null,\\\\\\"protocol\\\\\\":\\\\\\"tcp\\\\\\",\\\\\\"hostname\\\\\\":\\\\\\"localhost\\\\\\",\\\\\\"method\\\\\\":\\\\\\"table\\\\\\",\\\\\\"operating_system\\\\\\":null,\\\\\\"service\\\\\\":\\\\\\"ipp\\\\\\"},\\\\\\"hint\\\\\\":null,\\\\\\"category\\\\\\":\\\\\\"Open Port\\\\\\",\\\\\\"location\\\\\\":\\\\\\"tcp://127.0.0.1:631\\\\\\"},{\\\\\\"id\\\\\\":\\\\\\"49bf7fd3-8512-4d73-a28f-608e493cd726\\\\\\",\\\\\\"name\\\\\\":\\\\\\"interwise\\\\\\",\\\\\\"description\\\\\\":\\\\\\"Port 7778 is open using tcp protocol.\\\\\\",\\\\\\"osi_layer\\\\\\":\\\\\\"NETWORK\\\\\\",\\\\\\"reference\\\\\\":null,\\\\\\"severity\\\\\\":\\\\\\"INFORMATIONAL\\\\\\",\\\\\\"attributes\\\\\\":{\\\\\\"port\\\\\\":7778,\\\\\\"ip_address\\\\\\":\\\\\\"127.0.0.1\\\\\\",\\\\\\"mac_address\\\\\\":null,\\\\\\"protocol\\\\\\":\\\\\\"tcp\\\\\\",\\\\\\"hostname\\\\\\":\\\\\\"localhost\\\\\\",\\\\\\"method\\\\\\":\\\\\\"table\\\\\\",\\\\\\"operating_system\\\\\\":null,\\\\\\"service\\\\\\":\\\\\\"interwise\\\\\\"},\\\\\\"hint\\\\\\":null,\\\\\\"category\\\\\\":\\\\\\"Open Port\\\\\\",\\\\\\"location\\\\\\":\\\\\\"tcp://127.0.0.1:7778\\\\\\"},{\\\\\\"id\\\\\\":\\\\\\"49bf7fd3-8512-4d73-a28f-608e493cd726\\\\\\",\\\\\\"name\\\\\\":\\\\\\"http-proxy\\\\\\",\\\\\\"description\\\\\\":\\\\\\"Port 8080 is open using tcp protocol.\\\\\\",\\\\\\"osi_layer\\\\\\":\\\\\\"NETWORK\\\\\\",\\\\\\"reference\\\\\\":null,\\\\\\"severity\\\\\\":\\\\\\"INFORMATIONAL\\\\\\",\\\\\\"attributes\\\\\\":{\\\\\\"port\\\\\\":8080,\\\\\\"ip_address\\\\\\":\\\\\\"127.0.0.1\\\\\\",\\\\\\"mac_address\\\\\\":null,\\\\\\"protocol\\\\\\":\\\\\\"tcp\\\\\\",\\\\\\"hostname\\\\\\":\\\\\\"localhost\\\\\\",\\\\\\"method\\\\\\":\\\\\\"table\\\\\\",\\\\\\"operating_system\\\\\\":null,\\\\\\"service\\\\\\":\\\\\\"http-proxy\\\\\\"},\\\\\\"hint\\\\\\":null,\\\\\\"category\\\\\\":\\\\\\"Open Port\\\\\\",\\\\\\"location\\\\\\":\\\\\\"tcp://127.0.0.1:8080\\\\\\"},{\\\\\\"id\\\\\\":\\\\\\"49bf7fd3-8512-4d73-a28f-608e493cd726\\\\\\",\\\\\\"name\\\\\\":\\\\\\"wap-wsp\\\\\\",\\\\\\"description\\\\\\":\\\\\\"Port 9200 is open using tcp protocol.\\\\\\",\\\\\\"osi_layer\\\\\\":\\\\\\"NETWORK\\\\\\",\\\\\\"reference\\\\\\":null,\\\\\\"severity\\\\\\":\\\\\\"INFORMATIONAL\\\\\\",\\\\\\"attributes\\\\\\":{\\\\\\"port\\\\\\":9200,\\\\\\"ip_address\\\\\\":\\\\\\"127.0.0.1\\\\\\",\\\\\\"mac_address\\\\\\":null,\\\\\\"protocol\\\\\\":\\\\\\"tcp\\\\\\",\\\\\\"hostname\\\\\\":\\\\\\"localhost\\\\\\",\\\\\\"method\\\\\\":\\\\\\"table\\\\\\",\\\\\\"operating_system\\\\\\":null,\\\\\\"service\\\\\\":\\\\\\"wap-wsp\\\\\\"},\\\\\\"hint\\\\\\":null,\\\\\\"category\\\\\\":\\\\\\"Open Port\\\\\\",\\\\\\"location\\\\\\":\\\\\\"tcp://127.0.0.1:9200\\\\\\"}]\\"",
    "valueInfo": Object {
      "objectTypeName": "java.lang.String",
      "serializationDataFormat": "application/json",
    },
  },
  "PROCESS_RAW_FINDINGS": ManualSerialization {
    "type": "Object",
    "value": "\\"[\\\\\\"<?xml version=\\\\\\\\\\\\\\"1.0\\\\\\\\\\\\\\" encoding=\\\\\\\\\\\\\\"UTF-8\\\\\\\\\\\\\\"?>\\\\\\\\n<!DOCTYPE nmaprun></nmaprun>\\\\\\",\\\\\\"<?xml version=\\\\\\\\\\\\\\"1.0\\\\\\\\\\\\\\" encoding=\\\\\\\\\\\\\\"UTF-8\\\\\\\\\\\\\\"?>\\\\\\\\n<!DOCTYPE nmaprun></nmaprun>\\\\\\"]\\"",
    "valueInfo": Object {
      "objectTypeName": "java.lang.String",
      "serializationDataFormat": "application/json",
    },
  },
}
`;

exports[`nmap worker should take parameters 1`] = `
Object {
  "PROCESS_FINDINGS": ManualSerialization {
    "type": "Object",
    "value": "\\"[{\\\\\\"id\\\\\\":\\\\\\"49bf7fd3-8512-4d73-a28f-608e493cd726\\\\\\",\\\\\\"name\\\\\\":\\\\\\"ipp\\\\\\",\\\\\\"description\\\\\\":\\\\\\"Port 631 is open using tcp protocol.\\\\\\",\\\\\\"osi_layer\\\\\\":\\\\\\"NETWORK\\\\\\",\\\\\\"reference\\\\\\":null,\\\\\\"severity\\\\\\":\\\\\\"INFORMATIONAL\\\\\\",\\\\\\"attributes\\\\\\":{\\\\\\"port\\\\\\":631,\\\\\\"ip_address\\\\\\":\\\\\\"127.0.0.1\\\\\\",\\\\\\"mac_address\\\\\\":null,\\\\\\"protocol\\\\\\":\\\\\\"tcp\\\\\\",\\\\\\"hostname\\\\\\":\\\\\\"localhost\\\\\\",\\\\\\"method\\\\\\":\\\\\\"table\\\\\\",\\\\\\"operating_system\\\\\\":null,\\\\\\"service\\\\\\":\\\\\\"ipp\\\\\\"},\\\\\\"hint\\\\\\":null,\\\\\\"category\\\\\\":\\\\\\"Open Port\\\\\\",\\\\\\"location\\\\\\":\\\\\\"tcp://127.0.0.1:631\\\\\\"},{\\\\\\"id\\\\\\":\\\\\\"49bf7fd3-8512-4d73-a28f-608e493cd726\\\\\\",\\\\\\"name\\\\\\":\\\\\\"interwise\\\\\\",\\\\\\"description\\\\\\":\\\\\\"Port 7778 is open using tcp protocol.\\\\\\",\\\\\\"osi_layer\\\\\\":\\\\\\"NETWORK\\\\\\",\\\\\\"reference\\\\\\":null,\\\\\\"severity\\\\\\":\\\\\\"INFORMATIONAL\\\\\\",\\\\\\"attributes\\\\\\":{\\\\\\"port\\\\\\":7778,\\\\\\"ip_address\\\\\\":\\\\\\"127.0.0.1\\\\\\",\\\\\\"mac_address\\\\\\":null,\\\\\\"protocol\\\\\\":\\\\\\"tcp\\\\\\",\\\\\\"hostname\\\\\\":\\\\\\"localhost\\\\\\",\\\\\\"method\\\\\\":\\\\\\"table\\\\\\",\\\\\\"operating_system\\\\\\":null,\\\\\\"service\\\\\\":\\\\\\"interwise\\\\\\"},\\\\\\"hint\\\\\\":null,\\\\\\"category\\\\\\":\\\\\\"Open Port\\\\\\",\\\\\\"location\\\\\\":\\\\\\"tcp://127.0.0.1:7778\\\\\\"},{\\\\\\"id\\\\\\":\\\\\\"49bf7fd3-8512-4d73-a28f-608e493cd726\\\\\\",\\\\\\"name\\\\\\":\\\\\\"http-proxy\\\\\\",\\\\\\"description\\\\\\":\\\\\\"Port 8080 is open using tcp protocol.\\\\\\",\\\\\\"osi_layer\\\\\\":\\\\\\"NETWORK\\\\\\",\\\\\\"reference\\\\\\":null,\\\\\\"severity\\\\\\":\\\\\\"INFORMATIONAL\\\\\\",\\\\\\"attributes\\\\\\":{\\\\\\"port\\\\\\":8080,\\\\\\"ip_address\\\\\\":\\\\\\"127.0.0.1\\\\\\",\\\\\\"mac_address\\\\\\":null,\\\\\\"protocol\\\\\\":\\\\\\"tcp\\\\\\",\\\\\\"hostname\\\\\\":\\\\\\"localhost\\\\\\",\\\\\\"method\\\\\\":\\\\\\"table\\\\\\",\\\\\\"operating_system\\\\\\":null,\\\\\\"service\\\\\\":\\\\\\"http-proxy\\\\\\"},\\\\\\"hint\\\\\\":null,\\\\\\"category\\\\\\":\\\\\\"Open Port\\\\\\",\\\\\\"location\\\\\\":\\\\\\"tcp://127.0.0.1:8080\\\\\\"},{\\\\\\"id\\\\\\":\\\\\\"49bf7fd3-8512-4d73-a28f-608e493cd726\\\\\\",\\\\\\"name\\\\\\":\\\\\\"wap-wsp\\\\\\",\\\\\\"description\\\\\\":\\\\\\"Port 9200 is open using tcp protocol.\\\\\\",\\\\\\"osi_layer\\\\\\":\\\\\\"NETWORK\\\\\\",\\\\\\"reference\\\\\\":null,\\\\\\"severity\\\\\\":\\\\\\"INFORMATIONAL\\\\\\",\\\\\\"attributes\\\\\\":{\\\\\\"port\\\\\\":9200,\\\\\\"ip_address\\\\\\":\\\\\\"127.0.0.1\\\\\\",\\\\\\"mac_address\\\\\\":null,\\\\\\"protocol\\\\\\":\\\\\\"tcp\\\\\\",\\\\\\"hostname\\\\\\":\\\\\\"localhost\\\\\\",\\\\\\"method\\\\\\":\\\\\\"table\\\\\\",\\\\\\"operating_system\\\\\\":null,\\\\\\"service\\\\\\":\\\\\\"wap-wsp\\\\\\"},\\\\\\"hint\\\\\\":null,\\\\\\"category\\\\\\":\\\\\\"Open Port\\\\\\",\\\\\\"location\\\\\\":\\\\\\"tcp://127.0.0.1:9200\\\\\\"}]\\"",
    "valueInfo": Object {
      "objectTypeName": "java.lang.String",
      "serializationDataFormat": "application/json",
    },
  },
  "PROCESS_RAW_FINDINGS": ManualSerialization {
    "type": "Object",
    "value": "\\"[\\\\\\"<?xml version=\\\\\\\\\\\\\\"1.0\\\\\\\\\\\\\\" encoding=\\\\\\\\\\\\\\"UTF-8\\\\\\\\\\\\\\"?>\\\\\\\\n<!DOCTYPE nmaprun></nmaprun>\\\\\\"]\\"",
    "valueInfo": Object {
      "objectTypeName": "java.lang.String",
      "serializationDataFormat": "application/json",
    },
  },
}
`;

exports[`nmap worker should work with a single target 1`] = `
Object {
  "PROCESS_FINDINGS": ManualSerialization {
    "type": "Object",
    "value": "\\"[{\\\\\\"id\\\\\\":\\\\\\"49bf7fd3-8512-4d73-a28f-608e493cd726\\\\\\",\\\\\\"name\\\\\\":\\\\\\"ipp\\\\\\",\\\\\\"description\\\\\\":\\\\\\"Port 631 is open using tcp protocol.\\\\\\",\\\\\\"osi_layer\\\\\\":\\\\\\"NETWORK\\\\\\",\\\\\\"reference\\\\\\":null,\\\\\\"severity\\\\\\":\\\\\\"INFORMATIONAL\\\\\\",\\\\\\"attributes\\\\\\":{\\\\\\"port\\\\\\":631,\\\\\\"ip_address\\\\\\":\\\\\\"127.0.0.1\\\\\\",\\\\\\"mac_address\\\\\\":null,\\\\\\"protocol\\\\\\":\\\\\\"tcp\\\\\\",\\\\\\"hostname\\\\\\":\\\\\\"localhost\\\\\\",\\\\\\"method\\\\\\":\\\\\\"table\\\\\\",\\\\\\"operating_system\\\\\\":null,\\\\\\"service\\\\\\":\\\\\\"ipp\\\\\\"},\\\\\\"hint\\\\\\":null,\\\\\\"category\\\\\\":\\\\\\"Open Port\\\\\\",\\\\\\"location\\\\\\":\\\\\\"tcp://127.0.0.1:631\\\\\\"},{\\\\\\"id\\\\\\":\\\\\\"49bf7fd3-8512-4d73-a28f-608e493cd726\\\\\\",\\\\\\"name\\\\\\":\\\\\\"interwise\\\\\\",\\\\\\"description\\\\\\":\\\\\\"Port 7778 is open using tcp protocol.\\\\\\",\\\\\\"osi_layer\\\\\\":\\\\\\"NETWORK\\\\\\",\\\\\\"reference\\\\\\":null,\\\\\\"severity\\\\\\":\\\\\\"INFORMATIONAL\\\\\\",\\\\\\"attributes\\\\\\":{\\\\\\"port\\\\\\":7778,\\\\\\"ip_address\\\\\\":\\\\\\"127.0.0.1\\\\\\",\\\\\\"mac_address\\\\\\":null,\\\\\\"protocol\\\\\\":\\\\\\"tcp\\\\\\",\\\\\\"hostname\\\\\\":\\\\\\"localhost\\\\\\",\\\\\\"method\\\\\\":\\\\\\"table\\\\\\",\\\\\\"operating_system\\\\\\":null,\\\\\\"service\\\\\\":\\\\\\"interwise\\\\\\"},\\\\\\"hint\\\\\\":null,\\\\\\"category\\\\\\":\\\\\\"Open Port\\\\\\",\\\\\\"location\\\\\\":\\\\\\"tcp://127.0.0.1:7778\\\\\\"},{\\\\\\"id\\\\\\":\\\\\\"49bf7fd3-8512-4d73-a28f-608e493cd726\\\\\\",\\\\\\"name\\\\\\":\\\\\\"http-proxy\\\\\\",\\\\\\"description\\\\\\":\\\\\\"Port 8080 is open using tcp protocol.\\\\\\",\\\\\\"osi_layer\\\\\\":\\\\\\"NETWORK\\\\\\",\\\\\\"reference\\\\\\":null,\\\\\\"severity\\\\\\":\\\\\\"INFORMATIONAL\\\\\\",\\\\\\"attributes\\\\\\":{\\\\\\"port\\\\\\":8080,\\\\\\"ip_address\\\\\\":\\\\\\"127.0.0.1\\\\\\",\\\\\\"mac_address\\\\\\":null,\\\\\\"protocol\\\\\\":\\\\\\"tcp\\\\\\",\\\\\\"hostname\\\\\\":\\\\\\"localhost\\\\\\",\\\\\\"method\\\\\\":\\\\\\"table\\\\\\",\\\\\\"operating_system\\\\\\":null,\\\\\\"service\\\\\\":\\\\\\"http-proxy\\\\\\"},\\\\\\"hint\\\\\\":null,\\\\\\"category\\\\\\":\\\\\\"Open Port\\\\\\",\\\\\\"location\\\\\\":\\\\\\"tcp://127.0.0.1:8080\\\\\\"},{\\\\\\"id\\\\\\":\\\\\\"49bf7fd3-8512-4d73-a28f-608e493cd726\\\\\\",\\\\\\"name\\\\\\":\\\\\\"wap-wsp\\\\\\",\\\\\\"description\\\\\\":\\\\\\"Port 9200 is open using tcp protocol.\\\\\\",\\\\\\"osi_layer\\\\\\":\\\\\\"NETWORK\\\\\\",\\\\\\"reference\\\\\\":null,\\\\\\"severity\\\\\\":\\\\\\"INFORMATIONAL\\\\\\",\\\\\\"attributes\\\\\\":{\\\\\\"port\\\\\\":9200,\\\\\\"ip_address\\\\\\":\\\\\\"127.0.0.1\\\\\\",\\\\\\"mac_address\\\\\\":null,\\\\\\"protocol\\\\\\":\\\\\\"tcp\\\\\\",\\\\\\"hostname\\\\\\":\\\\\\"localhost\\\\\\",\\\\\\"method\\\\\\":\\\\\\"table\\\\\\",\\\\\\"operating_system\\\\\\":null,\\\\\\"service\\\\\\":\\\\\\"wap-wsp\\\\\\"},\\\\\\"hint\\\\\\":null,\\\\\\"category\\\\\\":\\\\\\"Open Port\\\\\\",\\\\\\"location\\\\\\":\\\\\\"tcp://127.0.0.1:9200\\\\\\"}]\\"",
    "valueInfo": Object {
      "objectTypeName": "java.lang.String",
      "serializationDataFormat": "application/json",
    },
  },
  "PROCESS_RAW_FINDINGS": ManualSerialization {
    "type": "Object",
    "value": "\\"[\\\\\\"<?xml version=\\\\\\\\\\\\\\"1.0\\\\\\\\\\\\\\" encoding=\\\\\\\\\\\\\\"UTF-8\\\\\\\\\\\\\\"?>\\\\\\\\n<!DOCTYPE nmaprun></nmaprun>\\\\\\"]\\"",
    "valueInfo": Object {
      "objectTypeName": "java.lang.String",
      "serializationDataFormat": "application/json",
    },
  },
}
`;
